// Jest Snapshot v1, https://goo.gl/fbAQLP

exports[`Account container it should render correctly 1`] = `
<div
  className="page account"
>
  <HelmetWrapper
    defer={true}
    encodeSpecialCharacters={true}
  >
    <title>
      SANbase: Settings
    </title>
  </HelmetWrapper>
  <div
    className="page-head"
  >
    <h1>
      Account settings
    </h1>
  </div>
  <Message
    className="account-message"
    header="Email is not added yet!"
    list={
      Array [
        "For acces your dashboard from mobile device, you should add email address.",
      ]
    }
    warning={true}
  />
  <div
    className="panel"
  >
    <t
      onSubmit={[Function]}
      onSubmitFailure={[Function]}
      validateError={[Function]}
      validateSuccess={[Function]}
    />
    <br />
    <Form
      as="form"
      loading={false}
    >
      <FormField>
        <label>
          Username or Eth Public Key
        </label>
        <Input
          action={
            Object {
              "color": "teal",
              "content": "Copy",
              "icon": "copy",
              "labelPosition": "right",
              "onClick": [Function],
            }
          }
          defaultValue="0xjsadhf92fhk2fjhe"
          input={
            Object {
              "readOnly": true,
            }
          }
          type="text"
        />
      </FormField>
    </Form>
    <h3>
      Wallets
    </h3>
    <Divider />
    <Component
      user={
        Object {
          "email": null,
          "username": "0xjsadhf92fhk2fjhe",
        }
      }
    />
    <h3>
      Sessions
    </h3>
    <Divider />
    <div
      className="account-control"
    >
      <p>
        Your current session
      </p>
      <Button
        as="button"
        basic={true}
        color="red"
      >
        Log out
      </Button>
    </div>
  </div>
</div>
`;
