// Jest Snapshot v1, https://goo.gl/fbAQLP

exports[`Project detail page container it should redirect to / 1`] = `
<Redirect
  push={false}
  to={
    Object {
      "pathname": "/",
    }
  }
/>
`;

exports[`Project detail page container it should render correctly 1`] = `
<div
  className="page detailed"
>
  <div
    className="detailed-head"
  >
    <div
      className="detailed-name"
    >
      <h1>
        <ProjectIcon
          name="Aeternity"
          size={28}
        />
         
        Aeternity
         (
        AE
        )
      </h1>
      <p>
        Manage entire organisations using the blockchain.
      </p>
    </div>
    <div
      className="detailed-buttons"
    >
      <a
        className="add-to-dashboard"
        href="#"
      >
        <i
          className="fa fa-plus"
        />
          Add to Dashboard
      </a>
    </div>
  </div>
  <div
    className="panel"
  >
    <Tabs
      className="main-chart"
      defaultFocus={false}
      defaultIndex={null}
      forceRenderTabPanel={false}
      selectedIndex={null}
    >
      <TabList
        className="nav"
      >
        <Tab
          className="nav-item"
          disabledClassName="react-tabs__tab--disabled"
          focus={false}
          id={null}
          panelId={null}
          selected={false}
          selectedClassName="active"
        >
          <a
            className="nav-link"
            href="#"
          >
            $2.29 USD (not real)  
            <span
              className="diff down"
            >
              <i
                className="fa fa-caret-down"
              />
                8.87% (not real)
            </span>
          </a>
        </Tab>
        <Tab
          className="nav-item"
          disabledClassName="react-tabs__tab--disabled"
          focus={false}
          id={null}
          panelId={null}
          selected={false}
          selectedClassName="active"
        >
          <a
            className="nav-link"
            href="#"
          >
            2.29 BTC (not real)  
            <span
              className="diff up"
            >
              <i
                className="fa fa-caret-up"
              />
                8.87% (not real)
            </span>
          </a>
        </Tab>
      </TabList>
      <TabPanel
        className="react-tabs__tab-panel"
        forceRender={false}
        selectedClassName="react-tabs__tab-panel--selected"
      >
        1
      </TabPanel>
      <TabPanel
        className="react-tabs__tab-panel"
        forceRender={false}
        selectedClassName="react-tabs__tab-panel--selected"
      >
        2
      </TabPanel>
    </Tabs>
  </div>
  <div
    className="panel"
  >
    <Tabs
      className="activity-panel"
      defaultFocus={false}
      defaultIndex={null}
      forceRenderTabPanel={false}
      selectedIndex={null}
    >
      <TabList
        className="nav"
      >
        <Tab
          className="nav-item"
          disabledClassName="react-tabs__tab--disabled"
          focus={false}
          id={null}
          panelId={null}
          selected={false}
          selectedClassName="active"
        >
          <a
            className="nav-link"
            href="#"
          >
            Social Mentions
          </a>
        </Tab>
        <Tab
          className="nav-item"
          disabledClassName="react-tabs__tab--disabled"
          focus={false}
          id={null}
          panelId={null}
          selected={false}
          selectedClassName="active"
        >
          <a
            className="nav-link"
            href="#"
          >
            Social Activity over Time
          </a>
        </Tab>
        <Tab
          className="nav-item"
          disabledClassName="react-tabs__tab--disabled"
          focus={false}
          id={null}
          panelId={null}
          selected={false}
          selectedClassName="active"
        >
          <a
            className="nav-link"
            href="#"
          >
            Sentiment/Intensity
          </a>
        </Tab>
        <Tab
          className="nav-item"
          disabledClassName="react-tabs__tab--disabled"
          focus={false}
          id={null}
          panelId={null}
          selected={false}
          selectedClassName="active"
        >
          <a
            className="nav-link"
            href="#"
          >
            Github Activity
          </a>
        </Tab>
        <Tab
          className="nav-item"
          disabledClassName="react-tabs__tab--disabled"
          focus={false}
          id={null}
          panelId={null}
          selected={false}
          selectedClassName="active"
        >
          <a
            className="nav-link"
            href="#"
          >
            SAN Community
          </a>
        </Tab>
      </TabList>
      <TabPanel
        className="react-tabs__tab-panel"
        forceRender={false}
        selectedClassName="react-tabs__tab-panel--selected"
      >
        Social Mentions
      </TabPanel>
      <TabPanel
        className="react-tabs__tab-panel"
        forceRender={false}
        selectedClassName="react-tabs__tab-panel--selected"
      >
        Social Activity over Time
      </TabPanel>
      <TabPanel
        className="react-tabs__tab-panel"
        forceRender={false}
        selectedClassName="react-tabs__tab-panel--selected"
      >
        Sentiment/Intensity
      </TabPanel>
      <TabPanel
        className="react-tabs__tab-panel"
        forceRender={false}
        selectedClassName="react-tabs__tab-panel--selected"
      >
        Github Activity
      </TabPanel>
      <TabPanel
        className="react-tabs__tab-panel"
        forceRender={false}
        selectedClassName="react-tabs__tab-panel--selected"
      >
        SAN Community
      </TabPanel>
    </Tabs>
  </div>
  <PanelBlock
    classes=""
    content=""
    title="Blockchain Analytics"
  />
  <div
    className="row analysis"
  >
    <PanelBlock
      classes=""
      content=""
      title="Signals/Volatility"
    />
    <PanelBlock
      classes=""
      content=""
      title="Expert Analyses"
    />
    <PanelBlock
      classes=""
      content=""
      title="News/Press"
    />
  </div>
  <div
    className="row information"
  >
    <PanelBlock
      classes=""
      content=""
      title="General Info"
    />
    <PanelBlock
      classes=""
      content=""
      title="Financials"
    />
  </div>
</div>
`;
