// Jest Snapshot v1, https://goo.gl/fbAQLP

exports[`Project detail page container it should redirect to / 1`] = `
<Redirect
  push={false}
  to={
    Object {
      "pathname": "/",
    }
  }
/>
`;

exports[`Project detail page container it should render correctly 1`] = `
<div
  className="page detailed"
>
  <SearchPanel
    onSelectProject={[Function]}
    projects={
      Array [
        Object {
          "balance": "41994.09",
          "id": 12,
          "logo_url": "aeternity.png",
          "market_cap_usd": "133759577.0",
          "name": "Aeternity",
          "ticker": "AE",
          "wallets": Array [
            Object {
              "address": "0x15c19E6c203E2c34D1EDFb26626bfc4F65eF96F0",
              "balance": "41994.09",
              "last_outgoing": null,
              "tx_out": null,
            },
          ],
        },
        Object {
          "balance": "264617.29",
          "id": 15,
          "logo_url": "aragon.png",
          "market_cap_usd": "66649211.0",
          "name": "Aragon",
          "ticker": "ANT",
          "wallets": Array [
            Object {
              "address": "0xcafE1A77e84698c83CA8931F54A755176eF75f2C",
              "balance": "264617.29",
              "last_outgoing": null,
              "tx_out": null,
            },
          ],
        },
      ]
    }
  />
  <FadeIn
    as="div"
    backfaceVisible="visible"
    delay="0s"
    direction="normal"
    duration="0.7s"
    fillMode="none"
    iterations="1"
    playState="running"
    timingFunction="ease-in"
  >
    <div
      className="detailed-head"
    >
      <div
        className="detailed-name"
      >
        <h1>
          Aragon
        </h1>
        <ProjectIcon
          name="Aragon"
          size={24}
        />
        <div
          className="detailed-ticker-name"
        >
          ANT
        </div>
      </div>
      <div
        className="detailed-price"
      >
        <div
          className="detailed-price-description"
        >
          Today's changes
        </div>
        <div
          className="detailed-price-usd"
        >
          $10.00
           
          <Component />
        </div>
        <Component>
          <div
            className="detailed-price-btc"
          >
            BTC 
            NaN
          </div>
        </Component>
      </div>
      <Component>
        <div
          className="detailed-buttons"
        >
          <button
            className="add-to-dashboard"
          >
            <i
              className="fa fa-plus"
            />
              Add to Dashboard
          </button>
        </div>
      </Component>
    </div>
    <div>
      <withState(withState(withState(withState(withState(withState(withState(ProjectChartContainer)))))))
        burnRate={
          Object {
            "error": false,
            "items": Array [],
            "loading": true,
          }
        }
        github={
          Object {
            "history": Object {
              "items": Array [],
              "loading": true,
            },
          }
        }
        onDatesChange={[Function]}
        price={
          Object {
            "history": Object {
              "items": Array [],
              "loading": true,
            },
          }
        }
        ticker="ANT"
        transactionVolume={
          Object {
            "error": false,
            "items": Array [],
            "loading": true,
          }
        }
        twitter={
          Object {
            "data": Object {
              "error": false,
              "followersCount": undefined,
              "loading": true,
            },
            "history": Object {
              "error": false,
              "items": Array [],
              "loading": true,
            },
          }
        }
      />
    </div>
    <div
      className="information"
    >
      <PanelBlock
        isUnauthorized={true}
        title="General Info"
      >
        <GeneralInfoBlock
          priceUsd={10}
        />
      </PanelBlock>
      <PanelBlock
        isUnauthorized={true}
        title="Financials"
      >
        <FinancialsBlock
          priceUsd={10}
          wallets={
            Array [
              Object {
                "address": "0xcafE1A77e84698c83CA8931F54A755176eF75f2C",
                "balance": "264617.29",
                "last_outgoing": null,
                "tx_out": null,
              },
            ]
          }
        />
      </PanelBlock>
    </div>
  </FadeIn>
</div>
`;
