// Jest Snapshot v1, https://goo.gl/fbAQLP

exports[`TrendsExplorePage smoke 1`] = `
<div
  className="TrendsExplorePage"
>
  <div
    style={
      Object {
        "textAlign": "center",
      }
    }
  >
    <TrendsPageTitleWithPopup />
  </div>
  <div
    className="TrendsExplorePage__content"
  >
    <TrendsExploreHeader />
    <div
      className="TrendsExplorePage__settings"
    >
      <Selector
        defaultSelected="3m"
        disabled={false}
        onSelectOption={[Function]}
        options={
          Array [
            "1w",
            "1m",
            "3m",
            "6m",
          ]
        }
      />
      <div
        className="TrendsExplorePage__settings__right"
      >
        <Selector
          defaultSelected="bitcoin"
          disabled={false}
          nameOptions={
            Array [
              "BTC/USD",
              "ETH/USD",
            ]
          }
          onSelectOption={[Function]}
          options={
            Array [
              "bitcoin",
              "ethereum",
            ]
          }
        />
      </div>
    </div>
    <Apollo(Apollo(Apollo(GetTrends)))
      interval="1d"
      render={[Function]}
      timeRange="3m"
    />
    <TrendsStats
      timeRange="3m"
    />
  </div>
</div>
`;
