// Jest Snapshot v1, https://goo.gl/fbAQLP

exports[`Header Header should render correctly 1`] = `
<div
  className="jsx-3745484964 row"
>
  <div
    className="jsx-3745484964 col-lg-12"
  >
    <h1
      className="jsx-3745484964"
    />
    <p
      className="jsx-3745484964"
    />
  </div>
</div>
`;
