// Jest Snapshot v1, https://goo.gl/fbAQLP

exports[`PostVisualBacktest component (smoke) it should render correctly 1`] = `null`;

exports[`PostVisualBacktest component SAN icon should render correctly 1`] = `
<div>
  SAN priceUsd changes after publication
  <div
    class="percent-changes percent-changes--positive"
  >
    <i
      class="fa fa-caret-up"
    >
      
    </i>
     25.00%
  </div>
  <div
    class="PostVisualBacktestChart"
  >
    <canvas
      height="150"
      width="300"
    >
      
    </canvas>
  </div>
</div>
`;
